// Jest Snapshot v1, https://goo.gl/fbAQLP

exports[`Routes component Is match snapshot 1`] = `
<Suspense
  fallback={<Component />}
>
  <Switch>
    <Route
      exact={true}
      path="/"
    >
      <Redirect
        to={
          Object {
            "pathname": "/subject-selection",
            "state": Object {
              "from": "/",
            },
          }
        }
      />
    </Route>
    <Route
      exact={true}
      path="/subject-selection"
    >
      <lazy />
    </Route>
    <Connect(Component)
      exact={true}
      path="/subject-selection/subject-configuration"
    >
      <lazy />
    </Connect(Component)>
    <Connect(Component)
      exact={true}
      path="/subject-configuration/:subjectId"
    >
      <lazy />
    </Connect(Component)>
    <Connect(Component)
      exact={true}
      path="/test-suite"
    >
      <lazy />
    </Connect(Component)>
    <Route
      component={
        Object {
          "$$typeof": Symbol(react.lazy),
          "_ctor": [Function],
          "_result": null,
          "_status": -1,
        }
      }
      exact={true}
      path="/auth/signin"
    />
    <Route
      exact={true}
      path="/auth/signup"
    >
      <lazy />
    </Route>
  </Switch>
</Suspense>
`;
