// Jest Snapshot v1, https://goo.gl/fbAQLP

exports[`SubjectConfigurationModal component Is match snapshot 1`] = `
<WithStyles(ForwardRef(Dialog))
  PaperProps={
    Object {
      "className": "makeStyles-dialogPaper-3",
    }
  }
  aria-describedby=""
  aria-labelledby="subject-config-title"
  onClose={[Function]}
  open={true}
>
  <WithStyles(Component)
    id="subject-config-title"
  >
    Налаштування тесту
  </WithStyles(Component)>
  <WithStyles(WithStyles(ForwardRef(DialogContent)))>
    <WithStyles(ForwardRef(FormControl))
      className="makeStyles-block-1"
      component="fieldset"
    >
      <WithStyles(ForwardRef(FormLabel))
        component="legend"
      >
        Оберіть тип тесту
      </WithStyles(ForwardRef(FormLabel))>
      <ForwardRef(RadioGroup)
        aria-label="select-test-type"
        data-testid="select-test-type"
        name="select-test-type"
        onChange={[Function]}
        value=""
      >
        <WithStyles(ForwardRef(FormControlLabel))
          control={
            <WithStyles(ForwardRef(Radio))
              color="secondary"
            />
          }
          label="Вибір теми"
          labelPlacement="end"
          value="Вибір теми"
        />
        <WithStyles(ForwardRef(FormControlLabel))
          control={
            <WithStyles(ForwardRef(Radio))
              color="secondary"
            />
          }
          label="Тренувальні варіанти ЗНО"
          labelPlacement="end"
          value="Тренувальні варіанти ЗНО"
        />
      </ForwardRef(RadioGroup)>
    </WithStyles(ForwardRef(FormControl))>
  </WithStyles(WithStyles(ForwardRef(DialogContent)))>
  <WithStyles(WithStyles(ForwardRef(DialogActions)))>
    <WithStyles(ForwardRef(Button))
      color="secondary"
      data-testid="go-to-test"
      disabled={true}
      onClick={[Function]}
      variant="text"
    >
      Розпочати тест
    </WithStyles(ForwardRef(Button))>
    <WithStyles(ForwardRef(Button))
      className="makeStyles-declineButton-4"
      color="primary"
      data-testid="close-subject-conf-button"
      onClick={[Function]}
      variant="text"
    >
      Скасувати
    </WithStyles(ForwardRef(Button))>
  </WithStyles(WithStyles(ForwardRef(DialogActions)))>
</WithStyles(ForwardRef(Dialog))>
`;
