// Jest Snapshot v1, https://goo.gl/fbAQLP

exports[`SignUp component Is matches snapshot 1`] = `
<div
  className="makeStyles-backdrop-1"
>
  <WithStyles(ForwardRef(Paper))
    className="makeStyles-root-2"
    elevation={2}
    square={true}
  >
    <WithStyles(ForwardRef(Typography))
      align="center"
      color="primary"
      variant="h6"
    >
      Реєстрація
    </WithStyles(ForwardRef(Typography))>
    <div
      className="makeStyles-fields-4"
    >
      <WithStyles(ForwardRef(TextField))
        className="makeStyles-textField-3"
        color="primary"
        label="Емеїл"
        onChange={[Function]}
        value=""
      />
      <WithStyles(ForwardRef(TextField))
        className="makeStyles-textField-3"
        color="primary"
        label="Пароль"
        onChange={[Function]}
        value=""
      />
    </div>
    <div
      className="makeStyles-actions-5"
    >
      <WithStyles(ForwardRef(Button))
        color="primary"
        disableElevation={true}
        variant="contained"
      >
        Зареєструватися
      </WithStyles(ForwardRef(Button))>
      <WithStyles(ForwardRef(Typography))>
        Вже зареєстровані?
        <WithStyles(ForwardRef(Typography))
          color="primary"
          component="span"
        >
          Увійти
        </WithStyles(ForwardRef(Typography))>
      </WithStyles(ForwardRef(Typography))>
    </div>
  </WithStyles(ForwardRef(Paper))>
</div>
`;
